// Jest Snapshot v1, https://goo.gl/fbAQLP

exports[`RENDER ADD-EXPENSE-PAGE 1`] = `
<div>
  <h1>
    Add Expense Dashboard Component!!
  </h1>
  <ExpenseForm
    onSubmit={[Function]}
  />
</div>
`;
